// Vitest Snapshot v1, https://vitest.dev/guide/snapshot.html

exports[`balTopoToBanTopo > Should return version 1.3 1`] = `"1.3"`;

exports[`balTopoToBanTopo > Should return version 1.4 1`] = `"1.4"`;
